## BEGIN NORMALIZED CODE ##
"""convert json to jsonl"""
from argparse import ArgumentParser
import json


def placeholder_0():
    placeholder_1 = parse_args()
    with open(placeholder_1.in_filename) as placeholder_2, open(
        placeholder_1.out_filename, placeholder_3="wt"
    ) as placeholder_4:
        placeholder_5 = json.load(placeholder_2)
        for placeholder_6 in placeholder_5:
            placeholder_4.write(json.dumps(placeholder_6) + "\n")


def placeholder_7():
    placeholder_8 = ArgumentParser()
    placeholder_8.add_argument("in_filename")
    placeholder_8.add_argument("out_filename")
    placeholder_1 = placeholder_8.placeholder_7()
    return placeholder_1

## END NORMALIZED CODE ##

## BEGIN TREE BEFORE ##
Module(
  [
    Expr(
      Constant(
        'Examples of Parenthesized Context Managers. New feature in Python 3.10',
        lineno=1,
        col_offset=0,
        end_lineno=1,
        end_col_offset=76),
      lineno=1,
      col_offset=0,
      end_lineno=1,
      end_col_offset=76),
    Expr(
      Constant(
        'convert json to jsonl',
        lineno=5,
        col_offset=0,
        end_lineno=5,
        end_col_offset=27),
      lineno=5,
      col_offset=0,
      end_lineno=5,
      end_col_offset=27),
    ImportFrom(
      'argparse',
      [
        alias(
          'ArgumentParser',
          lineno=7,
          col_offset=21,
          end_lineno=7,
          end_col_offset=35)],
      0,
      lineno=7,
      col_offset=0,
      end_lineno=7,
      end_col_offset=35),
    Import(
      [
        alias(
          'json',
          lineno=8,
          col_offset=7,
          end_lineno=8,
          end_col_offset=11)],
      lineno=8,
      col_offset=0,
      end_lineno=8,
      end_col_offset=11),
    FunctionDef(
      'main',
      arguments(
        [],
        [],
        kwonlyargs=[],
        kw_defaults=[],
        defaults=[]),
      [
        Assign(
          [
            Name(
              'args',
              Store(),
              lineno=11,
              col_offset=4,
              end_lineno=11,
              end_col_offset=8)],
          Call(
            Name(
              'parse_args',
              Load(),
              lineno=11,
              col_offset=11,
              end_lineno=11,
              end_col_offset=21),
            [],
            [],
            lineno=11,
            col_offset=11,
            end_lineno=11,
            end_col_offset=23),
          lineno=11,
          col_offset=4,
          end_lineno=11,
          end_col_offset=23),
        With(
          [
            withitem(
              Call(
                Name(
                  'open',
                  Load(),
                  lineno=15,
                  col_offset=8,
                  end_lineno=15,
                  end_col_offset=12),
                [
                  Attribute(
                    Name(
                      'args',
                      Load(),
                      lineno=15,
                      col_offset=13,
                      end_lineno=15,
                      end_col_offset=17),
                    'in_filename',
                    Load(),
                    lineno=15,
                    col_offset=13,
                    end_lineno=15,
                    end_col_offset=29)],
                [],
                lineno=15,
                col_offset=8,
                end_lineno=15,
                end_col_offset=30),
              Name(
                'in_file',
                Store(),
                lineno=15,
                col_offset=34,
                end_lineno=15,
                end_col_offset=41)),
            withitem(
              Call(
                Name(
                  'open',
                  Load(),
                  lineno=16,
                  col_offset=8,
                  end_lineno=16,
                  end_col_offset=12),
                [
                  Attribute(
                    Name(
                      'args',
                      Load(),
                      lineno=16,
                      col_offset=13,
                      end_lineno=16,
                      end_col_offset=17),
                    'out_filename',
                    Load(),
                    lineno=16,
                    col_offset=13,
                    end_lineno=16,
                    end_col_offset=30)],
                [
                  keyword(
                    'mode',
                    Constant(
                      'wt',
                      lineno=16,
                      col_offset=37,
                      end_lineno=16,
                      end_col_offset=41),
                    lineno=16,
                    col_offset=32,
                    end_lineno=16,
                    end_col_offset=41)],
                lineno=16,
                col_offset=8,
                end_lineno=16,
                end_col_offset=42),
              Name(
                'out_file',
                Store(),
                lineno=16,
                col_offset=46,
                end_lineno=16,
                end_col_offset=54))],
          [
            Assign(
              [
                Name(
                  'records',
                  Store(),
                  lineno=18,
                  col_offset=8,
                  end_lineno=18,
                  end_col_offset=15)],
              Call(
                Attribute(
                  Name(
                    'json',
                    Load(),
                    lineno=18,
                    col_offset=18,
                    end_lineno=18,
                    end_col_offset=22),
                  'load',
                  Load(),
                  lineno=18,
                  col_offset=18,
                  end_lineno=18,
                  end_col_offset=27),
                [
                  Name(
                    'in_file',
                    Load(),
                    lineno=18,
                    col_offset=28,
                    end_lineno=18,
                    end_col_offset=35)],
                [],
                lineno=18,
                col_offset=18,
                end_lineno=18,
                end_col_offset=36),
              lineno=18,
              col_offset=8,
              end_lineno=18,
              end_col_offset=36),
            For(
              Name(
                'record',
                Store(),
                lineno=19,
                col_offset=12,
                end_lineno=19,
                end_col_offset=18),
              Name(
                'records',
                Load(),
                lineno=19,
                col_offset=22,
                end_lineno=19,
                end_col_offset=29),
              [
                Expr(
                  Call(
                    Attribute(
                      Name(
                        'out_file',
                        Load(),
                        lineno=20,
                        col_offset=12,
                        end_lineno=20,
                        end_col_offset=20),
                      'write',
                      Load(),
                      lineno=20,
                      col_offset=12,
                      end_lineno=20,
                      end_col_offset=26),
                    [
                      BinOp(
                        Call(
                          Attribute(
                            Name(
                              'json',
                              Load(),
                              lineno=20,
                              col_offset=27,
                              end_lineno=20,
                              end_col_offset=31),
                            'dumps',
                            Load(),
                            lineno=20,
                            col_offset=27,
                            end_lineno=20,
                            end_col_offset=37),
                          [
                            Name(
                              'record',
                              Load(),
                              lineno=20,
                              col_offset=38,
                              end_lineno=20,
                              end_col_offset=44)],
                          [],
                          lineno=20,
                          col_offset=27,
                          end_lineno=20,
                          end_col_offset=45),
                        Add(),
                        Constant(
                          '\n',
                          lineno=20,
                          col_offset=48,
                          end_lineno=20,
                          end_col_offset=52),
                        lineno=20,
                        col_offset=27,
                        end_lineno=20,
                        end_col_offset=52)],
                    [],
                    lineno=20,
                    col_offset=12,
                    end_lineno=20,
                    end_col_offset=53),
                  lineno=20,
                  col_offset=12,
                  end_lineno=20,
                  end_col_offset=53)],
              [],
              lineno=19,
              col_offset=8,
              end_lineno=20,
              end_col_offset=53)],
          lineno=14,
          col_offset=4,
          end_lineno=20,
          end_col_offset=53)],
      [],
      lineno=10,
      col_offset=0,
      end_lineno=20,
      end_col_offset=53),
    FunctionDef(
      'parse_args',
      arguments(
        [],
        [],
        kwonlyargs=[],
        kw_defaults=[],
        defaults=[]),
      [
        Assign(
          [
            Name(
              'parser',
              Store(),
              lineno=24,
              col_offset=4,
              end_lineno=24,
              end_col_offset=10)],
          Call(
            Name(
              'ArgumentParser',
              Load(),
              lineno=24,
              col_offset=13,
              end_lineno=24,
              end_col_offset=27),
            [],
            [],
            lineno=24,
            col_offset=13,
            end_lineno=24,
            end_col_offset=29),
          lineno=24,
          col_offset=4,
          end_lineno=24,
          end_col_offset=29),
        Expr(
          Call(
            Attribute(
              Name(
                'parser',
                Load(),
                lineno=25,
                col_offset=4,
                end_lineno=25,
                end_col_offset=10),
              'add_argument',
              Load(),
              lineno=25,
              col_offset=4,
              end_lineno=25,
              end_col_offset=23),
            [
              Constant(
                'in_filename',
                lineno=25,
                col_offset=24,
                end_lineno=25,
                end_col_offset=37)],
            [],
            lineno=25,
            col_offset=4,
            end_lineno=25,
            end_col_offset=38),
          lineno=25,
          col_offset=4,
          end_lineno=25,
          end_col_offset=38),
        Expr(
          Call(
            Attribute(
              Name(
                'parser',
                Load(),
                lineno=26,
                col_offset=4,
                end_lineno=26,
                end_col_offset=10),
              'add_argument',
              Load(),
              lineno=26,
              col_offset=4,
              end_lineno=26,
              end_col_offset=23),
            [
              Constant(
                'out_filename',
                lineno=26,
                col_offset=24,
                end_lineno=26,
                end_col_offset=38)],
            [],
            lineno=26,
            col_offset=4,
            end_lineno=26,
            end_col_offset=39),
          lineno=26,
          col_offset=4,
          end_lineno=26,
          end_col_offset=39),
        Assign(
          [
            Name(
              'args',
              Store(),
              lineno=27,
              col_offset=4,
              end_lineno=27,
              end_col_offset=8)],
          Call(
            Attribute(
              Name(
                'parser',
                Load(),
                lineno=27,
                col_offset=11,
                end_lineno=27,
                end_col_offset=17),
              'parse_args',
              Load(),
              lineno=27,
              col_offset=11,
              end_lineno=27,
              end_col_offset=28),
            [],
            [],
            lineno=27,
            col_offset=11,
            end_lineno=27,
            end_col_offset=30),
          lineno=27,
          col_offset=4,
          end_lineno=27,
          end_col_offset=30),
        Return(
          Name(
            'args',
            Load(),
            lineno=28,
            col_offset=11,
            end_lineno=28,
            end_col_offset=15),
          lineno=28,
          col_offset=4,
          end_lineno=28,
          end_col_offset=15)],
      [],
      lineno=23,
      col_offset=0,
      end_lineno=28,
      end_col_offset=15),
    If(
      Compare(
        Name(
          '__name__',
          Load(),
          lineno=30,
          col_offset=3,
          end_lineno=30,
          end_col_offset=11),
        [
          Eq()],
        [
          Constant(
            '__main__',
            lineno=30,
            col_offset=15,
            end_lineno=30,
            end_col_offset=25)],
        lineno=30,
        col_offset=3,
        end_lineno=30,
        end_col_offset=25),
      [
        Expr(
          Call(
            Name(
              'main',
              Load(),
              lineno=31,
              col_offset=4,
              end_lineno=31,
              end_col_offset=8),
            [],
            [],
            lineno=31,
            col_offset=4,
            end_lineno=31,
            end_col_offset=10),
          lineno=31,
          col_offset=4,
          end_lineno=31,
          end_col_offset=10),
        FunctionDef(
          'CtxManager',
          arguments(
            [],
            [],
            kwonlyargs=[],
            kw_defaults=[],
            defaults=[]),
          [
            Pass(
              lineno=40,
              col_offset=22,
              end_lineno=40,
              end_col_offset=26)],
          [],
          lineno=40,
          col_offset=4,
          end_lineno=40,
          end_col_offset=26),
        FunctionDef(
          'CtxManager1',
          arguments(
            [],
            [],
            kwonlyargs=[],
            kw_defaults=[],
            defaults=[]),
          [
            Pass(
              lineno=41,
              col_offset=23,
              end_lineno=41,
              end_col_offset=27)],
          [],
          lineno=41,
          col_offset=4,
          end_lineno=41,
          end_col_offset=27),
        FunctionDef(
          'CtxManager2',
          arguments(
            [],
            [],
            kwonlyargs=[],
            kw_defaults=[],
            defaults=[]),
          [
            Pass(
              lineno=42,
              col_offset=23,
              end_lineno=42,
              end_col_offset=27)],
          [],
          lineno=42,
          col_offset=4,
          end_lineno=42,
          end_col_offset=27),
        FunctionDef(
          'CtxManager3',
          arguments(
            [],
            [],
            kwonlyargs=[],
            kw_defaults=[],
            defaults=[]),
          [
            Pass(
              lineno=43,
              col_offset=23,
              end_lineno=43,
              end_col_offset=27)],
          [],
          lineno=43,
          col_offset=4,
          end_lineno=43,
          end_col_offset=27),
        With(
          [
            withitem(
              Call(
                Name(
                  'CtxManager',
                  Load(),
                  lineno=45,
                  col_offset=10,
                  end_lineno=45,
                  end_col_offset=20),
                [],
                [],
                lineno=45,
                col_offset=10,
                end_lineno=45,
                end_col_offset=22),
              Name(
                'example',
                Store(),
                lineno=45,
                col_offset=26,
                end_lineno=45,
                end_col_offset=33))],
          [
            Expr(
              Constant(
                Ellipsis,
                lineno=46,
                col_offset=8,
                end_lineno=46,
                end_col_offset=11),
              lineno=46,
              col_offset=8,
              end_lineno=46,
              end_col_offset=11)],
          lineno=45,
          col_offset=4,
          end_lineno=46,
          end_col_offset=11),
        With(
          [
            withitem(
              Call(
                Name(
                  'CtxManager1',
                  Load(),
                  lineno=49,
                  col_offset=8,
                  end_lineno=49,
                  end_col_offset=19),
                [],
                [],
                lineno=49,
                col_offset=8,
                end_lineno=49,
                end_col_offset=21)),
            withitem(
              Call(
                Name(
                  'CtxManager2',
                  Load(),
                  lineno=50,
                  col_offset=8,
                  end_lineno=50,
                  end_col_offset=19),
                [],
                [],
                lineno=50,
                col_offset=8,
                end_lineno=50,
                end_col_offset=21))],
          [
            Expr(
              Constant(
                Ellipsis,
                lineno=52,
                col_offset=8,
                end_lineno=52,
                end_col_offset=11),
              lineno=52,
              col_offset=8,
              end_lineno=52,
              end_col_offset=11)],
          lineno=48,
          col_offset=4,
          end_lineno=52,
          end_col_offset=11),
        With(
          [
            withitem(
              Call(
                Name(
                  'CtxManager1',
                  Load(),
                  lineno=54,
                  col_offset=10,
                  end_lineno=54,
                  end_col_offset=21),
                [],
                [],
                lineno=54,
                col_offset=10,
                end_lineno=54,
                end_col_offset=23),
              Name(
                'example',
                Store(),
                lineno=54,
                col_offset=27,
                end_lineno=54,
                end_col_offset=34)),
            withitem(
              Call(
                Name(
                  'CtxManager2',
                  Load(),
                  lineno=55,
                  col_offset=8,
                  end_lineno=55,
                  end_col_offset=19),
                [],
                [],
                lineno=55,
                col_offset=8,
                end_lineno=55,
                end_col_offset=21))],
          [
            Expr(
              Constant(
                Ellipsis,
                lineno=56,
                col_offset=8,
                end_lineno=56,
                end_col_offset=11),
              lineno=56,
              col_offset=8,
              end_lineno=56,
              end_col_offset=11)],
          lineno=54,
          col_offset=4,
          end_lineno=56,
          end_col_offset=11),
        With(
          [
            withitem(
              Call(
                Name(
                  'CtxManager1',
                  Load(),
                  lineno=58,
                  col_offset=10,
                  end_lineno=58,
                  end_col_offset=21),
                [],
                [],
                lineno=58,
                col_offset=10,
                end_lineno=58,
                end_col_offset=23)),
            withitem(
              Call(
                Name(
                  'CtxManager2',
                  Load(),
                  lineno=59,
                  col_offset=8,
                  end_lineno=59,
                  end_col_offset=19),
                [],
                [],
                lineno=59,
                col_offset=8,
                end_lineno=59,
                end_col_offset=21),
              Name(
                'example',
                Store(),
                lineno=59,
                col_offset=25,
                end_lineno=59,
                end_col_offset=32))],
          [
            Expr(
              Constant(
                Ellipsis,
                lineno=60,
                col_offset=8,
                end_lineno=60,
                end_col_offset=11),
              lineno=60,
              col_offset=8,
              end_lineno=60,
              end_col_offset=11)],
          lineno=58,
          col_offset=4,
          end_lineno=60,
          end_col_offset=11),
        With(
          [
            withitem(
              Call(
                Name(
                  'CtxManager1',
                  Load(),
                  lineno=63,
                  col_offset=8,
                  end_lineno=63,
                  end_col_offset=19),
                [],
                [],
                lineno=63,
                col_offset=8,
                end_lineno=63,
                end_col_offset=21),
              Name(
                'example1',
                Store(),
                lineno=63,
                col_offset=25,
                end_lineno=63,
                end_col_offset=33)),
            withitem(
              Call(
                Name(
                  'CtxManager2',
                  Load(),
                  lineno=64,
                  col_offset=8,
                  end_lineno=64,
                  end_col_offset=19),
                [],
                [],
                lineno=64,
                col_offset=8,
                end_lineno=64,
                end_col_offset=21),
              Name(
                'example2',
                Store(),
                lineno=64,
                col_offset=25,
                end_lineno=64,
                end_col_offset=33))],
          [
            Expr(
              Constant(
                Ellipsis,
                lineno=66,
                col_offset=8,
                end_lineno=66,
                end_col_offset=11),
              lineno=66,
              col_offset=8,
              end_lineno=66,
              end_col_offset=11)],
          lineno=62,
          col_offset=4,
          end_lineno=66,
          end_col_offset=11),
        With(
          [
            withitem(
              Call(
                Name(
                  'CtxManager1',
                  Load(),
                  lineno=68,
                  col_offset=8,
                  end_lineno=68,
                  end_col_offset=19),
                [],
                [],
                lineno=68,
                col_offset=8,
                end_lineno=68,
                end_col_offset=21),
              Name(
                'example1',
                Store(),
                lineno=68,
                col_offset=25,
                end_lineno=68,
                end_col_offset=33)),
            withitem(
              Call(
                Name(
                  'CtxManager2',
                  Load(),
                  lineno=69,
                  col_offset=8,
                  end_lineno=69,
                  end_col_offset=19),
                [],
                [],
                lineno=69,
                col_offset=8,
                end_lineno=69,
                end_col_offset=21),
              Name(
                'example2',
                Store(),
                lineno=69,
                col_offset=25,
                end_lineno=69,
                end_col_offset=33)),
            withitem(
              Call(
                Name(
                  'CtxManager3',
                  Load(),
                  lineno=70,
                  col_offset=8,
                  end_lineno=70,
                  end_col_offset=19),
                [],
                [],
                lineno=70,
                col_offset=8,
                end_lineno=70,
                end_col_offset=21),
              Name(
                'example3',
                Store(),
                lineno=70,
                col_offset=25,
                end_lineno=70,
                end_col_offset=33))],
          [
            Expr(
              Constant(
                Ellipsis,
                lineno=72,
                col_offset=8,
                end_lineno=72,
                end_col_offset=11),
              lineno=72,
              col_offset=8,
              end_lineno=72,
              end_col_offset=11)],
          lineno=67,
          col_offset=4,
          end_lineno=72,
          end_col_offset=11)],
      [],
      lineno=30,
      col_offset=0,
      end_lineno=72,
      end_col_offset=11)],
  [])
## END TREE BEFORE ##

## BEGIN NORMALIZED TREE ##
Module(
  [
    Expr(
      Constant(
        'convert json to jsonl',
        lineno=5,
        col_offset=0,
        end_lineno=5,
        end_col_offset=27),
      lineno=5,
      col_offset=0,
      end_lineno=5,
      end_col_offset=27),
    ImportFrom(
      'argparse',
      [
        alias(
          'ArgumentParser',
          lineno=7,
          col_offset=21,
          end_lineno=7,
          end_col_offset=35)],
      0,
      lineno=7,
      col_offset=0,
      end_lineno=7,
      end_col_offset=35),
    Import(
      [
        alias(
          'json',
          lineno=8,
          col_offset=7,
          end_lineno=8,
          end_col_offset=11)],
      lineno=8,
      col_offset=0,
      end_lineno=8,
      end_col_offset=11),
    FunctionDef(
      'placeholder_0',
      arguments(
        [],
        [],
        kwonlyargs=[],
        kw_defaults=[],
        defaults=[]),
      [
        Assign(
          [
            Name(
              'placeholder_1',
              Store(),
              lineno=11,
              col_offset=4,
              end_lineno=11,
              end_col_offset=8)],
          Call(
            Name(
              'parse_args',
              Load(),
              lineno=11,
              col_offset=11,
              end_lineno=11,
              end_col_offset=21),
            [],
            [],
            lineno=11,
            col_offset=11,
            end_lineno=11,
            end_col_offset=23),
          lineno=11,
          col_offset=4,
          end_lineno=11,
          end_col_offset=23),
        With(
          [
            withitem(
              Call(
                Name(
                  'open',
                  Load(),
                  lineno=15,
                  col_offset=8,
                  end_lineno=15,
                  end_col_offset=12),
                [
                  Attribute(
                    Name(
                      'placeholder_1',
                      Load(),
                      lineno=15,
                      col_offset=13,
                      end_lineno=15,
                      end_col_offset=17),
                    'in_filename',
                    Load(),
                    lineno=15,
                    col_offset=13,
                    end_lineno=15,
                    end_col_offset=29)],
                [],
                lineno=15,
                col_offset=8,
                end_lineno=15,
                end_col_offset=30),
              Name(
                'placeholder_2',
                Store(),
                lineno=15,
                col_offset=34,
                end_lineno=15,
                end_col_offset=41)),
            withitem(
              Call(
                Name(
                  'open',
                  Load(),
                  lineno=16,
                  col_offset=8,
                  end_lineno=16,
                  end_col_offset=12),
                [
                  Attribute(
                    Name(
                      'placeholder_1',
                      Load(),
                      lineno=16,
                      col_offset=13,
                      end_lineno=16,
                      end_col_offset=17),
                    'out_filename',
                    Load(),
                    lineno=16,
                    col_offset=13,
                    end_lineno=16,
                    end_col_offset=30)],
                [
                  keyword(
                    'placeholder_3',
                    Constant(
                      'wt',
                      lineno=16,
                      col_offset=37,
                      end_lineno=16,
                      end_col_offset=41),
                    lineno=16,
                    col_offset=32,
                    end_lineno=16,
                    end_col_offset=41)],
                lineno=16,
                col_offset=8,
                end_lineno=16,
                end_col_offset=42),
              Name(
                'placeholder_4',
                Store(),
                lineno=16,
                col_offset=46,
                end_lineno=16,
                end_col_offset=54))],
          [
            Assign(
              [
                Name(
                  'placeholder_5',
                  Store(),
                  lineno=18,
                  col_offset=8,
                  end_lineno=18,
                  end_col_offset=15)],
              Call(
                Attribute(
                  Name(
                    'json',
                    Load(),
                    lineno=18,
                    col_offset=18,
                    end_lineno=18,
                    end_col_offset=22),
                  'load',
                  Load(),
                  lineno=18,
                  col_offset=18,
                  end_lineno=18,
                  end_col_offset=27),
                [
                  Name(
                    'placeholder_2',
                    Load(),
                    lineno=18,
                    col_offset=28,
                    end_lineno=18,
                    end_col_offset=35)],
                [],
                lineno=18,
                col_offset=18,
                end_lineno=18,
                end_col_offset=36),
              lineno=18,
              col_offset=8,
              end_lineno=18,
              end_col_offset=36),
            For(
              Name(
                'placeholder_6',
                Store(),
                lineno=19,
                col_offset=12,
                end_lineno=19,
                end_col_offset=18),
              Name(
                'placeholder_5',
                Load(),
                lineno=19,
                col_offset=22,
                end_lineno=19,
                end_col_offset=29),
              [
                Expr(
                  Call(
                    Attribute(
                      Name(
                        'placeholder_4',
                        Load(),
                        lineno=20,
                        col_offset=12,
                        end_lineno=20,
                        end_col_offset=20),
                      'write',
                      Load(),
                      lineno=20,
                      col_offset=12,
                      end_lineno=20,
                      end_col_offset=26),
                    [
                      BinOp(
                        Call(
                          Attribute(
                            Name(
                              'json',
                              Load(),
                              lineno=20,
                              col_offset=27,
                              end_lineno=20,
                              end_col_offset=31),
                            'dumps',
                            Load(),
                            lineno=20,
                            col_offset=27,
                            end_lineno=20,
                            end_col_offset=37),
                          [
                            Name(
                              'placeholder_6',
                              Load(),
                              lineno=20,
                              col_offset=38,
                              end_lineno=20,
                              end_col_offset=44)],
                          [],
                          lineno=20,
                          col_offset=27,
                          end_lineno=20,
                          end_col_offset=45),
                        Add(),
                        Constant(
                          '\n',
                          lineno=20,
                          col_offset=48,
                          end_lineno=20,
                          end_col_offset=52),
                        lineno=20,
                        col_offset=27,
                        end_lineno=20,
                        end_col_offset=52)],
                    [],
                    lineno=20,
                    col_offset=12,
                    end_lineno=20,
                    end_col_offset=53),
                  lineno=20,
                  col_offset=12,
                  end_lineno=20,
                  end_col_offset=53)],
              [],
              lineno=19,
              col_offset=8,
              end_lineno=20,
              end_col_offset=53)],
          lineno=14,
          col_offset=4,
          end_lineno=20,
          end_col_offset=53)],
      [],
      lineno=10,
      col_offset=0,
      end_lineno=20,
      end_col_offset=53),
    FunctionDef(
      'placeholder_7',
      arguments(
        [],
        [],
        kwonlyargs=[],
        kw_defaults=[],
        defaults=[]),
      [
        Assign(
          [
            Name(
              'placeholder_8',
              Store(),
              lineno=24,
              col_offset=4,
              end_lineno=24,
              end_col_offset=10)],
          Call(
            Name(
              'ArgumentParser',
              Load(),
              lineno=24,
              col_offset=13,
              end_lineno=24,
              end_col_offset=27),
            [],
            [],
            lineno=24,
            col_offset=13,
            end_lineno=24,
            end_col_offset=29),
          lineno=24,
          col_offset=4,
          end_lineno=24,
          end_col_offset=29),
        Expr(
          Call(
            Attribute(
              Name(
                'placeholder_8',
                Load(),
                lineno=25,
                col_offset=4,
                end_lineno=25,
                end_col_offset=10),
              'add_argument',
              Load(),
              lineno=25,
              col_offset=4,
              end_lineno=25,
              end_col_offset=23),
            [
              Constant(
                'in_filename',
                lineno=25,
                col_offset=24,
                end_lineno=25,
                end_col_offset=37)],
            [],
            lineno=25,
            col_offset=4,
            end_lineno=25,
            end_col_offset=38),
          lineno=25,
          col_offset=4,
          end_lineno=25,
          end_col_offset=38),
        Expr(
          Call(
            Attribute(
              Name(
                'placeholder_8',
                Load(),
                lineno=26,
                col_offset=4,
                end_lineno=26,
                end_col_offset=10),
              'add_argument',
              Load(),
              lineno=26,
              col_offset=4,
              end_lineno=26,
              end_col_offset=23),
            [
              Constant(
                'out_filename',
                lineno=26,
                col_offset=24,
                end_lineno=26,
                end_col_offset=38)],
            [],
            lineno=26,
            col_offset=4,
            end_lineno=26,
            end_col_offset=39),
          lineno=26,
          col_offset=4,
          end_lineno=26,
          end_col_offset=39),
        Assign(
          [
            Name(
              'placeholder_1',
              Store(),
              lineno=27,
              col_offset=4,
              end_lineno=27,
              end_col_offset=8)],
          Call(
            Attribute(
              Name(
                'placeholder_8',
                Load(),
                lineno=27,
                col_offset=11,
                end_lineno=27,
                end_col_offset=17),
              'placeholder_7',
              Load(),
              lineno=27,
              col_offset=11,
              end_lineno=27,
              end_col_offset=28),
            [],
            [],
            lineno=27,
            col_offset=11,
            end_lineno=27,
            end_col_offset=30),
          lineno=27,
          col_offset=4,
          end_lineno=27,
          end_col_offset=30),
        Return(
          Name(
            'placeholder_1',
            Load(),
            lineno=28,
            col_offset=11,
            end_lineno=28,
            end_col_offset=15),
          lineno=28,
          col_offset=4,
          end_lineno=28,
          end_col_offset=15)],
      [],
      lineno=23,
      col_offset=0,
      end_lineno=28,
      end_col_offset=15)],
  [])
## END NORMALIZED TREE ##